INFO  [2021-04-06 23:59:27] Starting to obtain recipe.
INFO  [2021-04-07 00:00:13] Finished to obtaining recipe.
INFO  [2021-04-07 00:00:27] Starting to obtain recipe.
INFO  [2021-04-07 00:00:36] Finished to obtaining recipe.
INFO  [2021-04-07 00:02:25] Starting to obtain recipe.
INFO  [2021-04-07 00:02:34] Finished to obtaining recipe.
INFO  [2021-04-07 00:03:54] Starting to obtain recipe.
INFO  [2021-04-07 00:04:03] Finished to obtaining recipe.
INFO  [2021-04-07 00:05:39] Starting to obtain recipe.
INFO  [2021-04-07 00:05:48] Finished to obtaining recipe.
INFO  [2021-04-07 00:07:51] Starting to obtain recipe.
INFO  [2021-04-07 00:08:01] Finished to obtaining recipe.
INFO  [2021-04-07 00:09:13] Starting to obtain recipe.
INFO  [2021-04-07 00:09:22] Finished to obtaining recipe.
INFO  [2021-04-07 00:09:42] Starting to obtain recipe.
INFO  [2021-04-07 00:09:51] Finished to obtaining recipe.
